[webdesign-croydon.co.uk/index.html]
[backblue.gif]
[fade.gif]
[index.html]
[webdesign-croydon.co.uk/_templates/assets/css/stylef812.css]
[cdnjs.cloudflare.com/ajax/libs/font-awesome/5.11.2/css/all.min.css]
[use.typekit.net/kuv1wkn.css]
[webdesign-croydon.co.uk/_templates/assets/images/favicon.png]
[webdesign-croydon.co.uk/_templates/assets/images/logo.png]
[webdesign-croydon.co.uk/services/web-design/index.html]
[webdesign-croydon.co.uk/services/digital-marketing/index.html]
[webdesign-croydon.co.uk/services/seo/index.html]
[webdesign-croydon.co.uk/services/graphic-design/index.html]
[webdesign-croydon.co.uk/our-work/index.html]
[webdesign-croydon.co.uk/contact-us/index.html]
[webdesign-croydon.co.uk/_templates/assets/images/web-design-icon.png]
[webdesign-croydon.co.uk/_templates/assets/images/digital-marketing-icon.png]
[webdesign-croydon.co.uk/_templates/assets/images/graphic-design-icon.png]
[webdesign-croydon.co.uk/_templates/assets/images/seo-icon.svg]
[webdesign-croydon.co.uk/_templates/assets/images/sheryls-art-deco-screenshot.png]
[webdesign-croydon.co.uk/_templates/assets/images/pure-white-lines-screenshot.png]
[webdesign-croydon.co.uk/_templates/assets/images/not-in-the-supermarket-screenshot.png]
[webdesign-croydon.co.uk/_templates/assets/images/resknow-logo.svg]
[webdesign-croydon.co.uk/_templates/assets/js/script1365.js]
[goform.app/validate.js]
[unpkg.com/simple-cookie-consent-banner/cookie-consent-banner.16.delayed]
[webdesign-croydon.co.uk/index.html]
[unpkg.com/simple-cookie-consent-banner@1.1.0/cookie-consent-banner.js]
[webdesign-croydon.co.uk/_templates/assets/images/porchetech-screenshot.png]
[webdesign-croydon.co.uk/_templates/assets/images/woodside-timber-screenshot.png]
[webdesign-croydon.co.uk/_templates/assets/images/visions-and-dreams-screenshot.png]
[webdesign-croydon.co.uk/_templates/assets/images/woman-at-desk.jpg]
[webdesign-croydon.co.uk/_templates/assets/images/home-jumbotron.jpg]
[webdesign-croydon.co.uk/_templates/assets/images/web-design-jumbotron.jpg]
[webdesign-croydon.co.uk/_templates/assets/images/graphic-design-jumbotron.jpg]
[webdesign-croydon.co.uk/_templates/assets/images/digital-marketing-jumbotron.jpg]
[webdesign-croydon.co.uk/_templates/assets/images/google.jpg]
[webdesign-croydon.co.uk/_templates/assets/images/contact-us-jumbotron.jpg]
[webdesign-croydon.co.uk/_templates/assets/css/stylef812.css]
[cdnjs.cloudflare.com/ajax/libs/font-awesome/5.11.2/css/all.min.css]
[use.typekit.net/af/309dfe/000000000000000000010091/27/l652f]
[use.typekit.net/af/309dfe/000000000000000000010091/27/d652f]
[use.typekit.net/af/309dfe/000000000000000000010091/27/a652f]
[use.typekit.net/af/eb729a/000000000000000000010092/27/le265]
[use.typekit.net/af/eb729a/000000000000000000010092/27/de265]
[use.typekit.net/af/eb729a/000000000000000000010092/27/ae265]
[use.typekit.net/af/9b05f3/000000000000000000013365/27/le196]
[use.typekit.net/af/9b05f3/000000000000000000013365/27/de196]
[use.typekit.net/af/9b05f3/000000000000000000013365/27/ae196]
[use.typekit.net/af/cf3e4e/000000000000000000010095/27/lfdcc]
[use.typekit.net/af/cf3e4e/000000000000000000010095/27/dfdcc]
[use.typekit.net/af/cf3e4e/000000000000000000010095/27/afdcc]
[use.typekit.net/af/ae4f6c/000000000000000000010096/27/l3eab]
[use.typekit.net/af/ae4f6c/000000000000000000010096/27/d3eab]
[use.typekit.net/kuv1wkn.css]
[www.googletagmanager.com/gtm5445.html]
[webdesign-croydon.co.uk/services/web-design/index.html]
[webdesign-croydon.co.uk/services/digital-marketing/index.html]
[webdesign-croydon.co.uk/services/graphic-design/index.html]
[webdesign-croydon.co.uk/services/seo/index.html]
[webdesign-croydon.co.uk/our-work/index.html]
[webdesign-croydon.co.uk/contact-us/index.html]
[webdesign-croydon.co.uk/_templates/assets/images/seo-icon.svg]
[webdesign-croydon.co.uk/_templates/assets/images/resknow-logo.svg]
[p.typekit.net/p421b.css]
[use.typekit.net/af/ae4f6c/000000000000000000010096/27/a3eab]
